root:!::0:99999:7:::
bin:*:20047:0:99999:7:::
daemon:*:20047:0:99999:7:::
adm:*:20047:0:99999:7:::
lp:*:20047:0:99999:7:::
sync:*:20047:0:99999:7:::
shutdown:*:20047:0:99999:7:::
halt:*:20047:0:99999:7:::
mail:*:20047:0:99999:7:::
operator:*:20047:0:99999:7:::
games:*:20047:0:99999:7:::
ftp:*:20047:0:99999:7:::
nobody:*:20047:0:99999:7:::
dbus:!!:20727::::::
tss:!!:20727::::::
systemd-oom:!*:20727::::::
systemd-resolve:!*:20727::::::
polkitd:!!:20727::::::
sshd:!!:20727::::::
chrony:!!:20727::::::
dnsmasq:!!:20727::::::
systemd-coredump:!*:20727::::::
systemd-timesync:!*:20727::::::
vboxadd:!*:20727::::::
uadmin:$y$j9T$Mct.l0MqGC3I6KWCasfT6RiY$z7/sBLPD9OqDtvpL6HnMvWlrd5tEEQeRxb0t6bYf0eC::0:99999:7:::
nginx:!!:20730::::::
tcpdump:!!:20730::::::
user1:$y$j9T$esUdmoBopRoqwKJI.M8RE1$U6TaMYquKDhptFfBAN3Q5bDzYDjiTFXpxjjsUxdjZK5:20730:0:90:7:::
user2:$y$j9T$TAt2VVPfl3HlJryC7U28P/$tpiBAilRd0qTI7HysBnByTsSZwAaVAQXttvcDF5WvIB:20730:0:90:7:::
user3:$y$j9T$76hGX2zjZcxtNWPxvy2cA0$LdAgIo9XRELagelGlU7LjcAM0CUpuClucpNCbqIh0P.:20730:0:90:7:::
curator1:$y$j9T$o9fKzxG0fJsy.G5bqcqbC.$aG6Wh38CQOnsRxj9uqIEmHFjm32CeD3NlG/2UcGR/s0:20730:0:90:7:::
curator2:$y$j9T$ux/Uv70Ko/M6C3cUwmbNB/$JIlRpww02mSnlQR8Fv1/rScB8UqS3hAyG7BLieYm1EC:20730:0:90:7:::
